Multiple Units
96 64
A map with a maze and multiple units
General
GGGGGGGGGGGGGGGGGGGGGGGGGGGGGGGGGGGGGGGGGGGGGGGGGGGGGGGGGGGGGGGGGGGGGGGGGGGGGGGGGGGGGGGGGGGGGGGGGG
GFFFFFFFFFFFFFFFFFFFFFFFFFFFFFFFFFFFFFFFFFFFFFFFFFFFFFFFFFFFFFFFFFFFFFFFFFFFFFFFFFFFFFFFFFFFFFFFFG
GFFFFFFFFFFFFFFFFFFFFFFFFFFFFFFFFFFFFFFFFFFFFFFFFFFFFFFFFFFFFFFFFFFFFFFFFFFFFFFFFFFFFFFFFFFFFFFFFG
GFFFFFFFFFFFFFFFFFFFFFFFFFFFFFFFFFFFFFFFFFFFFFFFFFFFFFFFFFFFFFFFFFFFFFFFFFFFFFFFFFFFFFFFFFFFFFFFFG
GFFFFFFFFFFFFFFFFFFFFFFFFFFFFFFFFFFFFFFFFFFFFFFFFFFFFFFFFFFFFFFFFFFFFFFFFFFFFFFFFFFFFFFFFFFFFFFFFG
GGGGGGGGGGGGGGGGGGFFFFFFFGGGGGGGGGGGGGGGGGGGGGGGGFFFFFFFFFGGGGGGGGGGGGGGGGGGFFFFFFFFGGGGGGGGGGGDRR
GGGGGGWWWWWWWWWWWGGGGGGGGGGGGGGGGGGGGGGGGGGGGGGGGGGFFFFGGGGGGGGGGGGGGGGGGGGGFFFFGGGGGGGGGGGGGGGDRR
GGGGGGWGGGGGGGGGWGGGGGGGGGGGGGGGGGGGGGGGGGGGGGGGGGGGFFFGGGGGGGGGGGGGGGGGGGFFFFGGGGGGGGGGGGGGGGGDRR
GGGGGGWGGGGGGGGGWGGGGGGGGGGGGGGGGGGGGGGGGGGGGGGGGGGGGGGGGGGGGGGGGGGGGGGGGGFFFFGGGGGGGGGGGGGGGGGDRR
GGGGGGWGGWWWWWGGWGGGGGGGGGGGGGGGGGRRRRGGGGGGGGGGGGGGGGGGGGGGGGGGGGGGGGGGGGGDDDDDDGGGGGGGGGGGGGGDRR
GGGGGGWGGWGGGWGGWGGGGGGGGGGGGGGGGRRRRGGGGGGGGGGGGGGGFFFFGGGGGGGGGGGGGGGGGDDDRRRDDGGGGGGGGGGGGGGDRR
GGGGGGWGGWGGGWGGWGGGGGGGGGGGGGGGRRRGGGGGGGGGGGGGGGGFFFFFGGGGGGGGGGGGGGGGGGDDDRRRRDDGGGGGGGGGGGGDRR
GGGGGGWGGWGGGWGGWGGGGGGGGGGGGGGGRRRGGGGGGGGGGGGGGGGGFFFFFGGGGGGGGGGGGGGGGGGGDDRRRRDDGGGGGGGGGGGDRR
GGGGGGWGGGGGGWGGWGGGGGGGGGGGGGGGGRRRGGGGGGGGGGGGGGGGGFFFFFGGGGGGGGGGGGGGGGGGGDDRRRRDDGGGGGGGGGGDRR
GGGGGGWGGGGGGWGGWGGGGGGGGGGGGGGGGGGGGGGGGGGGGGGGGGGGGGFFFFGGGGGGGGGGGGGGGGGGGGDDRRRRDDGGGGGGGGDDRR
GGGGGGWWWWWWWWGGWGGGGGGGGGGGRRRGGGGGGGGGGGGGGGGGGGGGGGFFFGGGGGGGGGGGGGGGGGGGGGGDDRRRRDDGGGGGGGDRRR
GGGGGGGGGGGGGGGGWGGGGGGGGGGRRRRRRGGGGGGGGGGGGGGGGGGGFFFFFGGGGGGGGGGGGGGGGGGGGGGGDDRRRRDDDDDDDRRRRR
GGGGGGGGGGGGGGGGWGGGGGGGGGRRRRRRRGGGGGGGGGGGGGGGGGGGGGGGGGGGGGGGGGGGGGGGGGGGGGGGDDDDRRRRRRRRRRRRRR
GGGGGGGGGGGGGGGGGGGGGGGGGRRRRRRRGGGGGGGGGGGGGGGGRRRRRRRRRGGGGGGGGGGGGGGGGGGGGGGRRDDDDRRRRRRRRRRRRR
GGGGGGGGGGGGGGGGGGGGGGGGGRRRRRRRGGGGGGGGGGGGGGRRRRRRRRRRRGGGGGGGGGGGGGGGGGGGGGGRRRDDDDRRRRRRRRRRRR
GGGGGGGGGGGGGGGGGGGGGGGGRRRRRRRRRGGGGGGGGGGGGRRRRRRRRRRRRRGGGGGGGGGGGGGGGGGGGGGRRRRDDDDDRRRRRRRRRR
RRRRRRRRRRRRRRRRRRRRRRRRRRRRRRRRRRRRRRRRRRRRRRRRRRRRRRRRRRRRRRRRRRRRRRRRRRRRRRRRRRRDDDDDRRRRRRRRRR
RRRRRRRRRRRRRRRRRRRRRRRRRRRRRRRRRRRRRRRRRRRRRRRRRRRRRRRRRRRRRRRRRRRRRRRRRRRRRRRRRRDDDDDRRRRRRRRRRR
RRRRRRRRRRRRRRRRRRRRRRRRRRRRRRRRRRRRRRRRRRRRRRRRRRRRRRRRRRRRRRRRRRRRRRRRRRRRRRRRRDDDDDRRRRRRRRRRRR
RRRRRRRRRRRRRRRRRRRRRRRRRRRRRRRRRRRRRRRRRRRRRRRRRRRRRRRRRRRRRRRRRRRRRRRRRRRRRRRRDDDDDRRRRRRRRRRRRR
RRRRRRRRRRRRRRRRRRRRRRRRRRRRRRRRRRRRRRRRRRRRRRRRRRRRRRRRRRRRRRRRRRRRRRRRRRRRRRRDDDDDRRRRRRRRRRRRRR
RRRRRRRRRRRRRRRRRRRRRRRRRRRRRRRRRRRRRRRRRRRRRRRRRRRRRRRRRRRRRRRRRRRRRRRRRRRRRRDDDDDRRRRRRRRRRRRRRR
RRRRRRRRRRRRRRRRRRRRRRRRRRRRRRRRRRRRRRRRRRRRRRRRDDRRRRRRRRRRRRRRRRRRRRRRRRRRRDDDDDRRRRRRRRRRRRRRRR
RRRRRRRRRRRRRRRRRRRRRRRRRRRRRRRRRRRRRRRRRRRRRRRDDDDRRRRRRRRRRRRRRRRRRRRRRRRRDDDDDRRRRRRRRRRRRRRRRR
RRRRRRRRRRRRRRRRRRRRRRRRRRRRRRRRRRRRRRRRRRRRRRDDDDDDRRRRRRRRRRRRRRRRRRRRRRRDDDDDRRRRRRRRRRRRRRRRRR
RRRRRRRRRRRRRRRRRRRRRDDDDDDRRRRRRRRRRRRRRRRRRDDDDDDDDRRRRRRRRRRRRRRRRRRRDDDDDDDRRRRRRRRRRRRRRRRRRR
RRRRRRRRRRRRRRRRRRRRDDDDDDDDDDDDDDDDDDDDDDDDDDDDDDDDDDDDDDDDDDDDDDDDDDDDDDDDDDRRRRRRRRRRRRRRRRRRRR
RRRRRRRRRRRRRRRRRRRRDDDDDDDDDDDDDDDDDDDDDDDDDDDDDDDDDDDDDDDDDDDDDDDDDDDDDDDDDDRRRRRRRRRRRRRRRRRRRR
RRRRRRRRRRRRRRRRRRRRDDDDDDDDDDDDDDDDDDDDDDDDDDDDDDDDDDDDDDDDDDDDDDDDDDDDDDDDDDRRRRRRRRRRRRRRRRRRRR
RRRRRRRRRRRRRRRRRRRRDDDDDDDDDDDDDDDDDDDDDDDDDDDDDDDDDDDDDDDDDDDDDDDDDDDDDDDDDDRRRRRRRRRRRRRRRRRRRR
RRRRRRRRRRRRRRRRRRRDDDDDDDRRRRRRRRRRRRRRRRRRRDDDDDDDDRRRRRRRRRRRRRRRRRRDDDDDDRRRRRRRRRRRRRRRRRRRRR
RRRRRRRRRRRRRRRRRRDDDDDRRRRRRRRRRRRRRRRRRRRRRRDDDDDDRRRRRRRRRRRRRRRRRRRRRRRRRRRRRRRRRRRRRRRRRRRRRR
RRRRRRRRRRRRRRRRRDDDDDRRRRRRRRRRRRRRRRRRRRRRRRRDDDDRRRRRRRRRRRRRRRRRRRRRRRRRRRRRRRRRRRRRRRRRRRRRRR
RRRRRRRRRRRRRRRRDDDDDRRRRRRRRRRRRRRRRRRRRRRRRRRRDDRRRRRRRRRRRRRRRRRRRRRRRRRRRRRRRRRRRRRRRRRRRRRRRR
RRRRRRRRRRRRRRRDDDDDRRRRRRRRRRRRRRRRRRRRRRRRRRRRRRRRRRRRRRRRRRRRRRRRRRRRRRRRRRRRRRRRRRRRRRRRRRRRRR
RRRRRRRRRRRRRRDDDDDRRRRRRRRRRRRRRRRRRRRRRRRRRRRRRRRRRRRRRRRRRRRRRRRRRRRRRRRRRRRRRRRRRRRRRRRRRRRRRR
RRRRRRRRRRRRRDDDDDRRRRRRRRRRRRRRRRRRRRRRRRRRRRRRRRRRRRRRRRRRRRRRRRRRRRRRRRRRRRRRRRRRRRRRRRRRRRRRRR
RRRRRRRRRRRRDDDDDRRRRRRRRRRRRRRRRRRRRRRRRRRRRRRRRRRRRRRRRRRRRRRRRRRRRRRRRRRRRRRRRRRRRRRRRRRRRRRRRR
RRRRRRRRRRRDDDDDRRRRRRRRRRRRRRRRRRRRRRRRRRRRRRRRRRRRRRRRRRRRRRRRRRRRRRRRRRRRRRRRRRRRRRRRRRRRRRRRRR
RRRRRRRRRRRDDDDRRRRRRRRRRRRRRRRRRRRRRRRRRRRRRRRRRRRRRRRRRRRRRRRRRRRRRRRRRRRRRRRRRRRRRRRRRRRRRRRRRR
RRRRRRRRRRDDDDDRRRRGGGGGGGGGGGGGGGGGGGGGGRRRRRRRRRRRRRGGGGGGGGGGGGGGGRRRRRRRRRGGGGGGGGGGGGGGGGGGGG
RRRRRRRRRRRRDDDDRRRGGGGGGGGGGGGGGGGGGGGGGGRRRRRRRRRRRGGGGGGGGGGGGGGGGGRRRRRRRGGGGGGGGGGGGGGGGGGGGG
RRRRRRRRRRRRRDDDDRRGGGGGGGGGGGGGGGGGGGGGGGGGRRRRRRRRRGGGGGGGGGGGGGGGGGRRRRRRRGGGGGGGGGGGGGGGGGGGGG
RRRRRRRRRRRRRRDDDDGGGGGGGGGGGGGGGGGGGGGGGGGGGGGGGGGGGGGGGGGGGGGGGGGGGRRRRRRRGGGGGGGGGGGGGGGGGGGGGG
RRRRRDDDDDDDRRRRDDGGGGGGGGGGGGGGGGGGGGGGGGGGGGGGFFFFFGGGGGGGGGGGGGGGGRRRRRRGGGGGGGGGGGGGGGGGGGGGGG
RRRDDGGGGGGDDRRRRDDGGGGGGGGGGGGGGGGGGGGGGGGGGGGGGGFFFGGGGGGGGGGGGGGGGGGRRRGGGGGGGGGGGGGGGGGGGGGGGG
RRDDGGGGGGGGDDRRRRDDGGGGGGGGGGGGGGGGGGGGGGGGGGGGGGFFFFGGGGGGGGGGGGGGGGGGGGGGGGGGGGGGGGGGGGGGGGGGGG
RRDGGGGGGGGGGDDRRRRDDGGGGGGGGGGGGGGGGGGGGGGGGGGGGFFFFFGGGGGGGGGGGGRRRGGGGGGGGGGGGGGGGGGGGGGGGGGGGG
RRDGGGGGGGGGGGDDRRRRDDGGGGGGGGGGGGGGGGGGGGGGGGGGFFFFFGGGGGGGGGGGGRRRGGGGGGGGGGGGGGGGGGGGGGGGGGGGGG
RRDGGGGGGGGGGGGDDRRRRDDGGGGGGGGGGGGGGGGGGGGGGGGFFFFFGGGGGGGGGGGGGRRRGGGGGGGGGGGGGGGGGGGGGGGGGGGGGG
RRDGGGGGGGGGGGGGDDRRRRDDGGGGGGGGGGGGGGGGGGGGGGGGFFFFGGGGGGGGGGGRRRRGGGGGGGGGGGGGGGGGGGGGGGGGGGGGGG
RRDGGGGGGGGGGGGGGDDDDDGGGGGGGGGGGGGGGGGGGGGGGGGGGGGGGGGGGGGGGGRRRRGGGGGGGGGGGGGGGGGGGGGGGGGGGGGGGG
RRDGGGGGGGGGGGGGGGGFFFFGGGGGGGGGGGGGGGGGGGGGGGGGGGGGGGGGGGGGGGGGGGGGGGGGGGGGGGGGGGGGGGGGGGGGGGGGGG
RRDGGGGGGGGGGGGGGGGFFFFGGGGGGGGGGGGGGGGGGGGGGGGGFFFGGGGGGGGGGGGGGGGGGGGGGGFFFGGGGGGGGGGGGGGGGGGGGG
RRDGGGGGGGGGGGGGGGFFFFGGGGGGGGGGGGGGGGGGGGGGGGGFFFFGGGGGGGGGGGGGGGGGGGGGGGFFFGGGGGGGGGGGGGGGGGGGGG
RRDGGGGGGGGGGFFFFFFFFGGGGGGGGGGGGGGGGGGGGGGGGFFFFFFFFFGGGGGGGGGGGGGGGGGGGFFFFFFFGGGGGGGGGGGGGGGGGG
GFFFFFFFFFFFFFFFFFFFFFFFFFFFFFFFFFFFFFFFFFFFFFFFFFFFFFFFFFFFFFFFFFFFFFFFFFFFFFFFFFFFFFFFFFFFFFFFFG
GFFFFFFFFFFFFFFFFFFFFFFFFFFFFFFFFFFFFFFFFFFFFFFFFFFFFFFFFFFFFFFFFFFFFFFFFFFFFFFFFFFFFFFFFFFFFFFFFG
GFFFFFFFFFFFFFFFFFFFFFFFFFFFFFFFFFFFFFFFFFFFFFFFFFFFFFFFFFFFFFFFFFFFFFFFFFFFFFFFFFFFFFFFFFFFFFFFFG
GFFFFFFFFFFFFFFFFFFFFFFFFFFFFFFFFFFFFFFFFFFFFFFFFFFFFFFFFFFFFFFFFFFFFFFFFFFFFFFFFFFFFFFFFFFFFFFFFG
GGGGGGGGGGGGGGGGGGGGGGGGGGGGGGGGGGGGGGGGGGGGGGGGGGGGGGGGGGGGGGGGGGGGGGGGGGGGGGGGGGGGGGGGGGGGGGGGGG
2
0 30000 500 10000                                    
1 10000 10000 10000
2 1000 0 1000
14
GoldMine 0 0 5 
GoldMine 0 3 49 
GoldMine 0 92 49 
Peasant 1 9 10
Peasant 1 10 10
Peasant 1 11 10
Footman 1 9 11
Footman 1 10 11
Ranger 1 11 11
TownHall 1 4 15
TownHall 2 9 15    
Peasant 2 9 19    
Peasant 2 10 19    
Peasant 2 11 19    

